2026-01-12T18:14:23 | touched: LICENSE
2025-04-23T04:16:07 | touched: README.md
2025-08-07T20:24:30 | touched: scripts/cli.js
2025-04-09T11:26:39 | touched: test/Polkadotrelay.test.js
2026-01-12T04:03:32 | touched: contracts/Polkadotrelay.sol
2026-01-10T10:31:34 | touched: hardhat.config.js
2025-02-23T19:22:37 | touched: scripts/interact.js
2025-11-18T12:43:04 | touched: package.json
2025-01-25T19:07:18 | touched: hardhat.config.js
2025-02-27T02:34:33 | touched: package.json
2025-01-12T13:17:55 | touched: contracts/Polkadotrelay.sol
2025-05-01T14:53:42 | touched: scripts/deploy.js
2025-12-21T08:13:49 | touched: scripts/cli.js
2025-04-25T10:51:38 | touched: test/Polkadotrelay.test.js
2025-08-22T08:53:27 | touched: LICENSE
2025-05-11T02:23:36 | touched: scripts/deploy.js
2025-10-05T13:52:33 | touched: scripts/frontend-integration.js
2025-12-05T01:39:28 | touched: LICENSE
2025-07-17T15:02:17 | touched: scripts/interact.js
2025-11-23T13:37:15 | touched: scripts/deploy.js
2025-11-13T16:53:46 | touched: hardhat.config.js
2025-01-02T23:16:13 | touched: scripts/frontend-integration.js
2025-01-21T22:22:20 | touched: .env.example
2025-10-27T09:40:46 | touched: LICENSE
2025-11-01T10:59:36 | touched: scripts/interact.js
